AutoGeneratedProgram.Main
InputsAndOutputsGenerator.CommaSeparated
InputsAndOutputsGenerator.GetOutputAccessor
InputsAndOutputsGenerator.GetInputAccessor
PipelineTests.SumEnumerable
PipelineTests.RangeArray
PipelineTests.LongToString
PipelineTests.IncrementLong
PipelineTests.Echo
Visualizer.Of
MethodInfoVisualizer.IsValidFor
MethodInfoVisualizer.Visualize
IVisualizer.IsValidFor
IVisualizer.Visualize
_.WithCollector
