// Parameter: ZipCode zipCode
var zipCodePipe = new InputPipe<ZipCode>("zipCode");