// var peanutButters = PeanutButterShop.GetAvailable(zipCode);
var peanutButtersPipe = zipCodePipe.Process((zipCode) => PeanutButterShop.GetAvailable(zipCode));