System.Exception: Called ProcessFunction() with a lambda. Use Process() instead.